[2026-08-04 01:37:07] [DEBUG] [pkg_infra.session        ] ▸ Using app logger: default
[2026-08-04 01:37:07] [DEBUG] [pkg_infra.session        ] ▸ Session time initialized: utc=2026-08-03 23:37:07.423194+00:00, local=2026-08-04 01:37:07.423196+02:00, timezone=CEST
[2026-08-04 01:37:07] [DEBUG] [pkg_infra.session        ] ▸ Location lookup skipped
[2026-08-04 01:37:07] [INFO ] [pkg_infra.session        ] ▸ Creating new session...
[2026-08-04 01:37:07] [INFO ] [pkg_infra.session        ] ▸ Session has been created
[2026-08-04 01:37:07] [WARNING] [pkg_infra.session        ] ▸ No integration settings found for package 'annnet'.
[2026-08-04 01:37:07] [DEBUG] [pkg_infra.session        ] ▸ get_session called with workspace=/home/denes/annnet, include_location=False, config_path=None
[2026-08-04 01:37:07] [INFO ] [pkg_infra.session        ] ▸ Initialization of a session:
[2026-08-04 01:37:07] [INFO ] [pkg_infra.session        ] ▸ Reusing existing session
[2026-08-04 01:37:07] [INFO ] [pkg_infra.session        ] ▸   hostname: y
  username: denes
  workspace: /home/denes/annnet
  id: 90453cce-4a74-4757-81f6-ebd9e349d3c6
  started_at_utc: 2026-08-03 23:37:07.423194+00:00
  started_at_local: 2026-08-04 01:37:07.423196+02:00
  timezone: CEST
  location: None
[2026-08-04 01:37:07] [WARNING] [pkg_infra.session        ] ▸ No integration settings found for package 'annnet'.
[2026-08-04 01:37:07] [DEBUG] [pkg_infra.session        ] ▸ get_session called with workspace=/home/denes/annnet, include_location=False, config_path=None
[2026-08-04 01:37:07] [INFO ] [pkg_infra.session        ] ▸ Initialization of a session:
[2026-08-04 01:37:07] [INFO ] [pkg_infra.session        ] ▸ Reusing existing session
[2026-08-04 01:37:07] [INFO ] [pkg_infra.session        ] ▸   hostname: y
  username: denes
  workspace: /home/denes/annnet
  id: 90453cce-4a74-4757-81f6-ebd9e349d3c6
  started_at_utc: 2026-08-03 23:37:07.423194+00:00
  started_at_local: 2026-08-04 01:37:07.423196+02:00
  timezone: CEST
  location: None
[2026-08-04 01:37:07] [WARNING] [pkg_infra.session        ] ▸ No integration settings found for package 'annnet'.
