[2026-08-05 00:21:36] [DEBUG] [pkg_infra.session        ] ▸ Using app logger: default
[2026-08-05 00:21:36] [DEBUG] [pkg_infra.session        ] ▸ Session time initialized: utc=2026-08-04 22:21:36.903239+00:00, local=2026-08-05 00:21:36.903241+02:00, timezone=CEST
[2026-08-05 00:21:36] [DEBUG] [pkg_infra.session        ] ▸ Location lookup skipped
[2026-08-05 00:21:36] [INFO ] [pkg_infra.session        ] ▸ Creating new session...
[2026-08-05 00:21:36] [INFO ] [pkg_infra.session        ] ▸ Session has been created
[2026-08-05 00:21:36] [WARNING] [pkg_infra.session        ] ▸ No integration settings found for package 'annnet'.
[2026-08-05 00:21:36] [DEBUG] [pkg_infra.session        ] ▸ get_session called with workspace=/home/denes/annnet, include_location=False, config_path=None
[2026-08-05 00:21:36] [INFO ] [pkg_infra.session        ] ▸ Initialization of a session:
[2026-08-05 00:21:36] [INFO ] [pkg_infra.session        ] ▸ Reusing existing session
[2026-08-05 00:21:36] [INFO ] [pkg_infra.session        ] ▸   hostname: y
  username: denes
  workspace: /home/denes/annnet
  id: aabb8c5b-0922-4a34-8c9f-58ea5519a449
  started_at_utc: 2026-08-04 22:21:36.903239+00:00
  started_at_local: 2026-08-05 00:21:36.903241+02:00
  timezone: CEST
  location: None
[2026-08-05 00:21:36] [WARNING] [pkg_infra.session        ] ▸ No integration settings found for package 'annnet'.
[2026-08-05 00:21:36] [DEBUG] [pkg_infra.session        ] ▸ get_session called with workspace=/home/denes/annnet, include_location=False, config_path=None
[2026-08-05 00:21:36] [INFO ] [pkg_infra.session        ] ▸ Initialization of a session:
[2026-08-05 00:21:36] [INFO ] [pkg_infra.session        ] ▸ Reusing existing session
[2026-08-05 00:21:36] [INFO ] [pkg_infra.session        ] ▸   hostname: y
  username: denes
  workspace: /home/denes/annnet
  id: aabb8c5b-0922-4a34-8c9f-58ea5519a449
  started_at_utc: 2026-08-04 22:21:36.903239+00:00
  started_at_local: 2026-08-05 00:21:36.903241+02:00
  timezone: CEST
  location: None
[2026-08-05 00:21:36] [WARNING] [pkg_infra.session        ] ▸ No integration settings found for package 'annnet'.
