[2026-08-04 03:39:56] [DEBUG] [pkg_infra.session        ] ▸ Using app logger: default
[2026-08-04 03:39:56] [DEBUG] [pkg_infra.session        ] ▸ Session time initialized: utc=2026-08-04 01:39:56.500324+00:00, local=2026-08-04 03:39:56.500325+02:00, timezone=CEST
[2026-08-04 03:39:56] [DEBUG] [pkg_infra.session        ] ▸ Location lookup skipped
[2026-08-04 03:39:56] [INFO ] [pkg_infra.session        ] ▸ Creating new session...
[2026-08-04 03:39:56] [INFO ] [pkg_infra.session        ] ▸ Session has been created
[2026-08-04 03:39:56] [WARNING] [pkg_infra.session        ] ▸ No integration settings found for package 'annnet'.
[2026-08-04 03:39:56] [DEBUG] [pkg_infra.session        ] ▸ get_session called with workspace=/home/denes/annnet, include_location=False, config_path=None
[2026-08-04 03:39:56] [INFO ] [pkg_infra.session        ] ▸ Initialization of a session:
[2026-08-04 03:39:56] [INFO ] [pkg_infra.session        ] ▸ Reusing existing session
[2026-08-04 03:39:56] [INFO ] [pkg_infra.session        ] ▸   hostname: y
  username: denes
  workspace: /home/denes/annnet
  id: 6f67b246-d133-4901-8480-68be525a3af9
  started_at_utc: 2026-08-04 01:39:56.500324+00:00
  started_at_local: 2026-08-04 03:39:56.500325+02:00
  timezone: CEST
  location: None
[2026-08-04 03:39:56] [WARNING] [pkg_infra.session        ] ▸ No integration settings found for package 'annnet'.
[2026-08-04 03:39:56] [DEBUG] [pkg_infra.session        ] ▸ get_session called with workspace=/home/denes/annnet, include_location=False, config_path=None
[2026-08-04 03:39:56] [INFO ] [pkg_infra.session        ] ▸ Initialization of a session:
[2026-08-04 03:39:56] [INFO ] [pkg_infra.session        ] ▸ Reusing existing session
[2026-08-04 03:39:56] [INFO ] [pkg_infra.session        ] ▸   hostname: y
  username: denes
  workspace: /home/denes/annnet
  id: 6f67b246-d133-4901-8480-68be525a3af9
  started_at_utc: 2026-08-04 01:39:56.500324+00:00
  started_at_local: 2026-08-04 03:39:56.500325+02:00
  timezone: CEST
  location: None
[2026-08-04 03:39:56] [WARNING] [pkg_infra.session        ] ▸ No integration settings found for package 'annnet'.
