[2026-08-04 22:40:30] [DEBUG] [pkg_infra.session        ] ▸ Using app logger: default
[2026-08-04 22:40:30] [DEBUG] [pkg_infra.session        ] ▸ Session time initialized: utc=2026-08-04 20:40:30.590788+00:00, local=2026-08-04 22:40:30.590790+02:00, timezone=CEST
[2026-08-04 22:40:30] [DEBUG] [pkg_infra.session        ] ▸ Location lookup skipped
[2026-08-04 22:40:30] [INFO ] [pkg_infra.session        ] ▸ Creating new session...
[2026-08-04 22:40:30] [INFO ] [pkg_infra.session        ] ▸ Session has been created
[2026-08-04 22:40:30] [WARNING] [pkg_infra.session        ] ▸ No integration settings found for package 'annnet'.
[2026-08-04 22:40:30] [DEBUG] [pkg_infra.session        ] ▸ get_session called with workspace=/home/denes/annnet, include_location=False, config_path=None
[2026-08-04 22:40:30] [INFO ] [pkg_infra.session        ] ▸ Initialization of a session:
[2026-08-04 22:40:30] [INFO ] [pkg_infra.session        ] ▸ Reusing existing session
[2026-08-04 22:40:30] [INFO ] [pkg_infra.session        ] ▸   hostname: y
  username: denes
  workspace: /home/denes/annnet
  id: 99f04021-86a9-4a10-bf20-69473729ecbf
  started_at_utc: 2026-08-04 20:40:30.590788+00:00
  started_at_local: 2026-08-04 22:40:30.590790+02:00
  timezone: CEST
  location: None
[2026-08-04 22:40:30] [WARNING] [pkg_infra.session        ] ▸ No integration settings found for package 'annnet'.
[2026-08-04 22:40:30] [DEBUG] [pkg_infra.session        ] ▸ get_session called with workspace=/home/denes/annnet, include_location=False, config_path=None
[2026-08-04 22:40:30] [INFO ] [pkg_infra.session        ] ▸ Initialization of a session:
[2026-08-04 22:40:30] [INFO ] [pkg_infra.session        ] ▸ Reusing existing session
[2026-08-04 22:40:30] [INFO ] [pkg_infra.session        ] ▸   hostname: y
  username: denes
  workspace: /home/denes/annnet
  id: 99f04021-86a9-4a10-bf20-69473729ecbf
  started_at_utc: 2026-08-04 20:40:30.590788+00:00
  started_at_local: 2026-08-04 22:40:30.590790+02:00
  timezone: CEST
  location: None
[2026-08-04 22:40:30] [WARNING] [pkg_infra.session        ] ▸ No integration settings found for package 'annnet'.
